Archive member included to satisfy reference by file (symbol)

/Applications/STM32CubeIDE.app/Contents/Eclipse/plugins/com.st.stm32cube.ide.mcu.externaltools.gnu-tools-for-stm32.13.3.rel1.macos64_1.0.0.202411102158/tools/bin/../lib/gcc/arm-none-eabi/13.3.1/../../../../arm-none-eabi/lib/thumb/v7e-m+fp/hard/libc_nano.a(libc_a-exit.o)
                              /Applications/STM32CubeIDE.app/Contents/Eclipse/plugins/com.st.stm32cube.ide.mcu.externaltools.gnu-tools-for-stm32.13.3.rel1.macos64_1.0.0.202411102158/tools/bin/../lib/gcc/arm-none-eabi/13.3.1/../../../../arm-none-eabi/lib/thumb/v7e-m+fp/hard/crt0.o (exit)
/Applications/STM32CubeIDE.app/Contents/Eclipse/plugins/com.st.stm32cube.ide.mcu.externaltools.gnu-tools-for-stm32.13.3.rel1.macos64_1.0.0.202411102158/tools/bin/../lib/gcc/arm-none-eabi/13.3.1/../../../../arm-none-eabi/lib/thumb/v7e-m+fp/hard/libc_nano.a(libc_a-findfp.o)
                              /Applications/STM32CubeIDE.app/Contents/Eclipse/plugins/com.st.stm32cube.ide.mcu.externaltools.gnu-tools-for-stm32.13.3.rel1.macos64_1.0.0.202411102158/tools/bin/../lib/gcc/arm-none-eabi/13.3.1/../../../../arm-none-eabi/lib/thumb/v7e-m+fp/hard/libc_nano.a(libc_a-exit.o) (__stdio_exit_handler)
/Applications/STM32CubeIDE.app/Contents/Eclipse/plugins/com.st.stm32cube.ide.mcu.externaltools.gnu-tools-for-stm32.13.3.rel1.macos64_1.0.0.202411102158/tools/bin/../lib/gcc/arm-none-eabi/13.3.1/../../../../arm-none-eabi/lib/thumb/v7e-m+fp/hard/libc_nano.a(libc_a-fwalk.o)
                              /Applications/STM32CubeIDE.app/Contents/Eclipse/plugins/com.st.stm32cube.ide.mcu.externaltools.gnu-tools-for-stm32.13.3.rel1.macos64_1.0.0.202411102158/tools/bin/../lib/gcc/arm-none-eabi/13.3.1/../../../../arm-none-eabi/lib/thumb/v7e-m+fp/hard/libc_nano.a(libc_a-findfp.o) (_fwalk_sglue)
/Applications/STM32CubeIDE.app/Contents/Eclipse/plugins/com.st.stm32cube.ide.mcu.externaltools.gnu-tools-for-stm32.13.3.rel1.macos64_1.0.0.202411102158/tools/bin/../lib/gcc/arm-none-eabi/13.3.1/../../../../arm-none-eabi/lib/thumb/v7e-m+fp/hard/libc_nano.a(libc_a-memset.o)
                              /Applications/STM32CubeIDE.app/Contents/Eclipse/plugins/com.st.stm32cube.ide.mcu.externaltools.gnu-tools-for-stm32.13.3.rel1.macos64_1.0.0.202411102158/tools/bin/../lib/gcc/arm-none-eabi/13.3.1/../../../../arm-none-eabi/lib/thumb/v7e-m+fp/hard/crt0.o (memset)
/Applications/STM32CubeIDE.app/Contents/Eclipse/plugins/com.st.stm32cube.ide.mcu.externaltools.gnu-tools-for-stm32.13.3.rel1.macos64_1.0.0.202411102158/tools/bin/../lib/gcc/arm-none-eabi/13.3.1/../../../../arm-none-eabi/lib/thumb/v7e-m+fp/hard/libc_nano.a(libc_a-errno.o)
                              ./Src/syscalls.o (__errno)
/Applications/STM32CubeIDE.app/Contents/Eclipse/plugins/com.st.stm32cube.ide.mcu.externaltools.gnu-tools-for-stm32.13.3.rel1.macos64_1.0.0.202411102158/tools/bin/../lib/gcc/arm-none-eabi/13.3.1/../../../../arm-none-eabi/lib/thumb/v7e-m+fp/hard/libc_nano.a(libc_a-init.o)
                              /Applications/STM32CubeIDE.app/Contents/Eclipse/plugins/com.st.stm32cube.ide.mcu.externaltools.gnu-tools-for-stm32.13.3.rel1.macos64_1.0.0.202411102158/tools/bin/../lib/gcc/arm-none-eabi/13.3.1/../../../../arm-none-eabi/lib/thumb/v7e-m+fp/hard/crt0.o (__libc_init_array)
/Applications/STM32CubeIDE.app/Contents/Eclipse/plugins/com.st.stm32cube.ide.mcu.externaltools.gnu-tools-for-stm32.13.3.rel1.macos64_1.0.0.202411102158/tools/bin/../lib/gcc/arm-none-eabi/13.3.1/../../../../arm-none-eabi/lib/thumb/v7e-m+fp/hard/libc_nano.a(libc_a-lock.o)
                              /Applications/STM32CubeIDE.app/Contents/Eclipse/plugins/com.st.stm32cube.ide.mcu.externaltools.gnu-tools-for-stm32.13.3.rel1.macos64_1.0.0.202411102158/tools/bin/../lib/gcc/arm-none-eabi/13.3.1/../../../../arm-none-eabi/lib/thumb/v7e-m+fp/hard/libc_nano.a(libc_a-findfp.o) (__retarget_lock_init_recursive)
/Applications/STM32CubeIDE.app/Contents/Eclipse/plugins/com.st.stm32cube.ide.mcu.externaltools.gnu-tools-for-stm32.13.3.rel1.macos64_1.0.0.202411102158/tools/bin/../lib/gcc/arm-none-eabi/13.3.1/../../../../arm-none-eabi/lib/thumb/v7e-m+fp/hard/libc_nano.a(libc_a-impure.o)
                              /Applications/STM32CubeIDE.app/Contents/Eclipse/plugins/com.st.stm32cube.ide.mcu.externaltools.gnu-tools-for-stm32.13.3.rel1.macos64_1.0.0.202411102158/tools/bin/../lib/gcc/arm-none-eabi/13.3.1/../../../../arm-none-eabi/lib/thumb/v7e-m+fp/hard/libc_nano.a(libc_a-errno.o) (_impure_ptr)
/Applications/STM32CubeIDE.app/Contents/Eclipse/plugins/com.st.stm32cube.ide.mcu.externaltools.gnu-tools-for-stm32.13.3.rel1.macos64_1.0.0.202411102158/tools/bin/../lib/gcc/arm-none-eabi/13.3.1/../../../../arm-none-eabi/lib/thumb/v7e-m+fp/hard/libc_nano.a(libc_a-mallocr.o)
[...]
Memory Configuration

Name             Origin             Length             Attributes
CCMRAM           0x10000000         0x00004000         xrw
RAM              0x20000000         0x00010000         xrw
FLASH            0x08000000         0x00080000         xr
*default*        0x00000000         0xffffffff

Linker script and memory map

LOAD /Applications/STM32CubeIDE.app/Contents/Eclipse/plugins/com.st.stm32cube.ide.mcu.externaltools.gnu-tools-for-stm32.13.3.rel1.macos64_1.0.0.202411102158/tools/bin/../lib/gcc/arm-none-eabi/13.3.1/thumb/v7e-m+fp/hard/crti.o
LOAD /Applications/STM32CubeIDE.app/Contents/Eclipse/plugins/com.st.stm32cube.ide.mcu.externaltools.gnu-tools-for-stm32.13.3.rel1.macos64_1.0.0.202411102158/tools/bin/../lib/gcc/arm-none-eabi/13.3.1/thumb/v7e-m+fp/hard/crtbegin.o
LOAD /Applications/STM32CubeIDE.app/Contents/Eclipse/plugins/com.st.stm32cube.ide.mcu.externaltools.gnu-tools-for-stm32.13.3.rel1.macos64_1.0.0.202411102158/tools/bin/../lib/gcc/arm-none-eabi/13.3.1/../../../../arm-none-eabi/lib/thumb/v7e-m+fp/hard/crt0.o
LOAD ./Inc/Drivers/clock_driver.o
LOAD ./Inc/hal_adc.o
LOAD ./Inc/hal_dma.o
LOAD ./Inc/hal_gpio.o
LOAD ./Inc/hal_i2c.o
LOAD ./Inc/hal_rcc.o
LOAD ./Inc/hal_spi.o
LOAD ./Inc/hal_systick.o
LOAD ./Inc/hal_uart.o
LOAD ./Src/functions.o
LOAD ./Src/main.o
LOAD ./Src/syscalls.o
LOAD ./Src/sysmem.o
LOAD ./Startup/startup_stm32f303retx.o
START GROUP
LOAD /Applications/STM32CubeIDE.app/Contents/Eclipse/plugins/com.st.stm32cube.ide.mcu.externaltools.gnu-tools-for-stm32.13.3.rel1.macos64_1.0.0.202411102158/tools/bin/../lib/gcc/arm-none-eabi/13.3.1/../../../../arm-none-eabi/lib/thumb/v7e-m+fp/hard/libc_nano.a
LOAD /Applications/STM32CubeIDE.app/Contents/Eclipse/plugins/com.st.stm32cube.ide.mcu.externaltools.gnu-tools-for-stm32.13.3.rel1.macos64_1.0.0.202411102158/tools/bin/../lib/gcc/arm-none-eabi/13.3.1/../../../../arm-none-eabi/lib/thumb/v7e-m+fp/hard/libm.a
END GROUP
START GROUP
LOAD /Applications/STM32CubeIDE.app/Contents/Eclipse/plugins/com.st.stm32cube.ide.mcu.externaltools.gnu-tools-for-stm32.13.3.rel1.macos64_1.0.0.202411102158/tools/bin/../lib/gcc/arm-none-eabi/13.3.1/thumb/v7e-m+fp/hard/libgcc.a
LOAD /Applications/STM32CubeIDE.app/Contents/Eclipse/plugins/com.st.stm32cube.ide.mcu.externaltools.gnu-tools-for-stm32.13.3.rel1.macos64_1.0.0.202411102158/tools/bin/../lib/gcc/arm-none-eabi/13.3.1/../../../../arm-none-eabi/lib/thumb/v7e-m+fp/hard/libc_nano.a
END GROUP
START GROUP
LOAD /Applications/STM32CubeIDE.app/Contents/Eclipse/plugins/com.st.stm32cube.ide.mcu.externaltools.gnu-tools-for-stm32.13.3.rel1.macos64_1.0.0.202411102158/tools/bin/../lib/gcc/arm-none-eabi/13.3.1/thumb/v7e-m+fp/hard/libgcc.a
LOAD /Applications/STM32CubeIDE.app/Contents/Eclipse/plugins/com.st.stm32cube.ide.mcu.externaltools.gnu-tools-for-stm32.13.3.rel1.macos64_1.0.0.202411102158/tools/bin/../lib/gcc/arm-none-eabi/13.3.1/../../../../arm-none-eabi/lib/thumb/v7e-m+fp/hard/libc_nano.a
LOAD /Applications/STM32CubeIDE.app/Contents/Eclipse/plugins/com.st.stm32cube.ide.mcu.externaltools.gnu-tools-for-stm32.13.3.rel1.macos64_1.0.0.202411102158/tools/bin/../lib/gcc/arm-none-eabi/13.3.1/../../../../arm-none-eabi/lib/thumb/v7e-m+fp/hard/libnosys.a
END GROUP
START GROUP
LOAD /Applications/STM32CubeIDE.app/Contents/Eclipse/plugins/com.st.stm32cube.ide.mcu.externaltools.gnu-tools-for-stm32.13.3.rel1.macos64_1.0.0.202411102158/tools/bin/../lib/gcc/arm-none-eabi/13.3.1/thumb/v7e-m+fp/hard/libgcc.a
LOAD /Applications/STM32CubeIDE.app/Contents/Eclipse/plugins/com.st.stm32cube.ide.mcu.externaltools.gnu-tools-for-stm32.13.3.rel1.macos64_1.0.0.202411102158/tools/bin/../lib/gcc/arm-none-eabi/13.3.1/../../../../arm-none-eabi/lib/thumb/v7e-m+fp/hard/libc_nano.a
LOAD /Applications/STM32CubeIDE.app/Contents/Eclipse/plugins/com.st.stm32cube.ide.mcu.externaltools.gnu-tools-for-stm32.13.3.rel1.macos64_1.0.0.202411102158/tools/bin/../lib/gcc/arm-none-eabi/13.3.1/../../../../arm-none-eabi/lib/thumb/v7e-m+fp/hard/libnosys.a
END GROUP
LOAD /Applications/STM32CubeIDE.app/Contents/Eclipse/plugins/com.st.stm32cube.ide.mcu.externaltools.gnu-tools-for-stm32.13.3.rel1.macos64_1.0.0.202411102158/tools/bin/../lib/gcc/arm-none-eabi/13.3.1/thumb/v7e-m+fp/hard/crtend.o
LOAD /Applications/STM32CubeIDE.app/Contents/Eclipse/plugins/com.st.stm32cube.ide.mcu.externaltools.gnu-tools-for-stm32.13.3.rel1.macos64_1.0.0.202411102158/tools/bin/../lib/gcc/arm-none-eabi/13.3.1/thumb/v7e-m+fp/hard/crtn.o
                0x20010000                        _estack = (ORIGIN (RAM) + LENGTH (RAM))
                0x00000200                        _Min_Heap_Size = 0x200
                0x00000400                        _Min_Stack_Size = 0x400

.isr_vector     0x08000000      0x194
                0x08000000                        . = ALIGN (0x4)
 *(.isr_vector)
 .isr_vector    0x08000000      0x194 ./Startup/startup_stm32f303retx.o
                0x08000000                g_pfnVectors
                0x08000194                        . = ALIGN (0x4)

.text           0x08000194     0x1310
                0x08000194                        . = ALIGN (0x4)
 *(.text)
 .text          0x08000194       0x40 /Applications/STM32CubeIDE.app/Contents/Eclipse/plugins/com.st.stm32cube.ide.mcu.externaltools.gnu-tools-for-stm32.13.3.rel1.macos64_1.0.0.202411102158/tools/bin/../lib/gcc/arm-none-eabi/13.3.1/thumb/v7e-m+fp/hard/crtbegin.o
 *(.text*)
 .text.ClockDriver_vEnable_Peripheral_Clocks
                0x080001d4      0x144 ./Inc/Drivers/clock_driver.o
                0x080001d4                ClockDriver_vEnable_Peripheral_Clocks
 .text.ClockDriver_vClockSelect
                0x08000318       0x66 ./Inc/Drivers/clock_driver.o
                0x08000318                ClockDriver_vClockSelect
 *fill*         0x0800037e        0x2 
 .text.Hal_ADC_vInit
                0x08000380      0x160 ./Inc/hal_adc.o
                0x08000380                Hal_ADC_vInit
 .text.Hal_ADC_vStart
                0x080004e0       0x1e ./Inc/hal_adc.o
                0x080004e0                Hal_ADC_vStart
 .text.Hal_ADC_u16ReadChannel
                0x080004fe       0x16 ./Inc/hal_adc.o
                0x080004fe                Hal_ADC_u16ReadChannel
 .text.Hal_GPIO_vEnable
                0x08000514       0xf8 ./Inc/hal_gpio.o
                0x08000514                Hal_GPIO_vEnable
 .text.Hal_GPIO_vTyp
                0x0800060c       0xe0 ./Inc/hal_gpio.o
                0x0800060c                Hal_GPIO_vTyp
 .text.Hal_GPIO_vPullUpPullDown
                0x080006ec       0xdc ./Inc/hal_gpio.o
                0x080006ec                Hal_GPIO_vPullUpPullDown
 .text.Hal_GPIO_vOutputEnable
                0x080007c8       0x50 ./Inc/hal_gpio.o
                0x080007c8                Hal_GPIO_vOutputEnable
 .text.Config_vSetupGPIO
                0x08000818       0x54 ./Inc/hal_gpio.o
                0x08000818                Config_vSetupGPIO
 .text.Hal_GPIO_vSetupAlternateFunction
                0x0800086c      0x2b8 ./Inc/hal_gpio.o
                0x0800086c                Hal_GPIO_vSetupAlternateFunction
 .text.Hal_I2C_vInitMaster
                0x08000b24       0x8c ./Inc/hal_i2c.o
                0x08000b24                Hal_I2C_vInitMaster
 .text.Hal_I2C_vWriteCommand
                0x08000bb0       0x84 ./Inc/hal_i2c.o
                0x08000bb0                Hal_I2C_vWriteCommand
 .text.SSD1306_vInit
                0x08000c34       0xd0 ./Inc/hal_i2c.o
                0x08000c34                SSD1306_vInit
 .text.SSD1306_vWriteData
                0x08000d04       0x84 ./Inc/hal_i2c.o
                0x08000d04                SSD1306_vWriteData
 .text.SSD1306_vSendCommandBlock
                0x08000d88       0x5e ./Inc/hal_i2c.o
                0x08000d88                SSD1306_vSendCommandBlock
 .text.SSD1306_vSendData
                0x08000de6       0x1c ./Inc/hal_i2c.o
                0x08000de6                SSD1306_vSendData
 .text.SSD1306_vResetDisplay
                0x08000e02       0x5e ./Inc/hal_i2c.o
                0x08000e02                SSD1306_vResetDisplay
 .text.Hal_SPI_vInitReceiver
                0x08000e60       0x68 ./Inc/hal_spi.o
                0x08000e60                Hal_SPI_vInitReceiver
 .text.Hal_SPI2_vInitReceiver
                0x08000ec8       0x74 ./Inc/hal_spi.o
                0x08000ec8                Hal_SPI2_vInitReceiver
 .text.Hal_vSPI2_StartReceive
                0x08000f3c       0x28 ./Inc/hal_spi.o
                0x08000f3c                Hal_vSPI2_StartReceive
 .text.Hal_SysTick_vInit
                0x08000f64       0x30 ./Inc/hal_systick.o
                0x08000f64                Hal_SysTick_vInit
 .text.Hal_ButtonInterrupt_vInit
                0x08000f94       0x60 ./Inc/hal_systick.o
                0x08000f94                Hal_ButtonInterrupt_vInit
 .text.Hal_USART3_vInit
                0x08000ff4       0x90 ./Inc/hal_uart.o
                0x08000ff4                Hal_USART3_vInit
 .text.Hal_USART3_vWriteFunction
                0x08001084       0x30 ./Inc/hal_uart.o
                0x08001084                Hal_USART3_vWriteFunction
 .text.Hal_USART3_WaitForTxReady
                0x080010b4       0x24 ./Inc/hal_uart.o
                0x080010b4                Hal_USART3_WaitForTxReady
 .text.SendADCtoSlaveUSART
                0x080010d8       0x50 ./Src/functions.o
                0x080010d8                SendADCtoSlaveUSART
 .text.SysTick_Handler
                0x08001128       0x2a ./Src/main.o
                0x08001128                SysTick_Handler
 .text.PendSV_Handler
                0x08001152        0xe ./Src/main.o
                0x08001152                PendSV_Handler
 .text.EXTI15_10_IRQHandler
                0x08001160       0x28 ./Src/main.o
                0x08001160                EXTI15_10_IRQHandler
 .text.main     0x08001188       0x3a ./Src/main.o
                0x08001188                main
 *fill*         0x080011c2        0x2 
 .text.Main_vSetupGPIOs
                0x080011c4      0x22c ./Src/main.o
                0x080011c4                Main_vSetupGPIOs
 .text.Reset_Handler
                0x080013f0       0x50 ./Startup/startup_stm32f303retx.o
                0x080013f0                Reset_Handler
 .text.Default_Handler
                0x08001440        0x2 ./Startup/startup_stm32f303retx.o
                0x08001440                TIM1_BRK_TIM15_IRQHandler
                0x08001440                TIM8_CC_IRQHandler
                0x08001440                DebugMon_Handler
                0x08001440                DMA1_CH4_IRQHandler
                0x08001440                SPI4_IRQHandler
                0x08001440                TIM1_CC_IRQHandler
                0x08001440                HardFault_Handler
                0x08001440                USB_HP_IRQHandler
                0x08001440                I2C2_EV_EXTI24_IRQHandler
                0x08001440                USB_WKUP_EXTI_IRQHandler
                0x08001440                PVD_IRQHandler
                0x08001440                UART4_EXTI34_IRQHandler
                0x08001440                TAMP_STAMP_IRQHandler
                0x08001440                NMI_Handler
                0x08001440                EXTI3_IRQHandler
                0x08001440                I2C3_ER_IRQHandler
                0x08001440                TIM6_DACUNDER_IRQHandler
                0x08001440                USB_HP_CAN_TX_IRQHandler
                0x08001440                EXTI0_IRQHandler
                0x08001440                DMA2_CH1_IRQHandler
                0x08001440                TIM1_UP_TIM16_IRQHandler
                0x08001440                UsageFault_Handler
                0x08001440                ADC1_2_IRQHandler
                0x08001440                SPI1_IRQHandler
                0x08001440                CAN_SCE_IRQHandler
                0x08001440                DMA1_CH7_IRQHandler
                0x08001440                TIM8_UP_IRQHandler
                0x08001440                COMP456_IRQHandler
                0x08001440                DMA1_CH6_IRQHandler
                0x08001440                TIM20_TRG_COM_IRQHandler
                0x08001440                ADC3_IRQHandler
                0x08001440                TIM4_IRQHandler
                0x08001440                CAN_RX1_IRQHandler
                0x08001440                USART1_EXTI25_IRQHandler
                0x08001440                DMA2_CH5_IRQHandler
                0x08001440                I2C1_EV_EXTI23_IRQHandler
                0x08001440                DMA1_CH3_IRQHandler
                0x08001440                TIM3_IRQHandler
                0x08001440                RCC_IRQHandler
                0x08001440                TIM20_UP_IRQHandler
                0x08001440                Default_Handler
                0x08001440                USART2_EXTI26_IRQHandler
                0x08001440                USART3_EXTI28_IRQHandler
                0x08001440                TIM7_IRQHandler
                0x08001440                I2C3_EV_IRQHandler
                0x08001440                EXTI9_5_IRQHandler
                0x08001440                DMA1_CH2_IRQHandler
                0x08001440                RTC_WKUP_IRQHandler
                0x08001440                SPI2_IRQHandler
                0x08001440                DMA1_CH1_IRQHandler
                0x08001440                USB_LP_CAN_RX0_IRQHandler
                0x08001440                MemManage_Handler
                0x08001440                COMP123_IRQHandler
                0x08001440                SVC_Handler
                0x08001440                USB_LP_IRQHandler
                0x08001440                EXTI4_IRQHandler
                0x08001440                TIM1_TRG_COM_TIM17_IRQHandler
                0x08001440                ADC4_IRQHandler
                0x08001440                WWDG_IRQHandler
                0x08001440                TIM2_IRQHandler
                0x08001440                COMP7_IRQHandler
                0x08001440                EXTI1_IRQHandler
                0x08001440                RTCAlarm_IRQHandler
                0x08001440                UART5_EXTI35_IRQHandler
                0x08001440                TIM20_BRK_IRQHandler
                0x08001440                I2C2_ER_IRQHandler
                0x08001440                TIM8_BRK_IRQHandler
                0x08001440                FLASH_IRQHandler
                0x08001440                TIM20_CC_IRQHandler
                0x08001440                BusFault_Handler
                0x08001440                SPI3_IRQHandler
                0x08001440                DMA2_CH3_IRQHandler
                0x08001440                DMA2_CH2_IRQHandler
                0x08001440                I2C1_ER_IRQHandler
                0x08001440                FMC_IRQHandler
                0x08001440                DMA1_CH5_IRQHandler
                0x08001440                DMA2_CH4_IRQHandler
                0x08001440                USB_WKUP_IRQHandler
                0x08001440                EXTI2_TSC_IRQHandler
                0x08001440                TIM8_TRG_COM_IRQHandler
 *fill*         0x08001442        0x2 
 .text.__libc_init_array
                0x08001444       0x48 /Applications/STM32CubeIDE.app/Contents/Eclipse/plugins/com.st.stm32cube.ide.mcu.externaltools.gnu-tools-for-stm32.13.3.rel1.macos64_1.0.0.202411102158/tools/bin/../lib/gcc/arm-none-eabi/13.3.1/../../../../arm-none-eabi/lib/thumb/v7e-m+fp/hard/libc_nano.a(libc_a-init.o)
                0x08001444                __libc_init_array
 *(.glue_7)
 .glue_7        0x0800148c        0x0 linker stubs
 *(.glue_7t)
 .glue_7t       0x0800148c        0x0 linker stubs
 *(.eh_frame)
 .eh_frame      0x0800148c        0x0 /Applications/STM32CubeIDE.app/Contents/Eclipse/plugins/com.st.stm32cube.ide.mcu.externaltools.gnu-tools-for-stm32.13.3.rel1.macos64_1.0.0.202411102158/tools/bin/../lib/gcc/arm-none-eabi/13.3.1/thumb/v7e-m+fp/hard/crtbegin.o
 *(.init)
 .init          0x0800148c        0x4 /Applications/STM32CubeIDE.app/Contents/Eclipse/plugins/com.st.stm32cube.ide.mcu.externaltools.gnu-tools-for-stm32.13.3.rel1.macos64_1.0.0.202411102158/tools/bin/../lib/gcc/arm-none-eabi/13.3.1/thumb/v7e-m+fp/hard/crti.o
                0x0800148c                _init
 .init          0x08001490        0x8 /Applications/STM32CubeIDE.app/Contents/Eclipse/plugins/com.st.stm32cube.ide.mcu.externaltools.gnu-tools-for-stm32.13.3.rel1.macos64_1.0.0.202411102158/tools/bin/../lib/gcc/arm-none-eabi/13.3.1/thumb/v7e-m+fp/hard/crtn.o
 *(.fini)
 .fini          0x08001498        0x4 /Applications/STM32CubeIDE.app/Contents/Eclipse/plugins/com.st.stm32cube.ide.mcu.externaltools.gnu-tools-for-stm32.13.3.rel1.macos64_1.0.0.202411102158/tools/bin/../lib/gcc/arm-none-eabi/13.3.1/thumb/v7e-m+fp/hard/crti.o
                0x08001498                _fini
 .fini          0x0800149c        0x8 /Applications/STM32CubeIDE.app/Contents/Eclipse/plugins/com.st.stm32cube.ide.mcu.externaltools.gnu-tools-for-stm32.13.3.rel1.macos64_1.0.0.202411102158/tools/bin/../lib/gcc/arm-none-eabi/13.3.1/thumb/v7e-m+fp/hard/crtn.o
                0x080014a4                        . = ALIGN (0x4)
                0x080014a4                        _etext = .

.vfp11_veneer   0x080014a4        0x0
 .vfp11_veneer  0x080014a4        0x0 linker stubs

.v4_bx          0x080014a4        0x0
 .v4_bx         0x080014a4        0x0 linker stubs

.iplt           0x080014a4        0x0
 .iplt          0x080014a4        0x0 /Applications/STM32CubeIDE.app/Contents/Eclipse/plugins/com.st.stm32cube.ide.mcu.externaltools.gnu-tools-for-stm32.13.3.rel1.macos64_1.0.0.202411102158/tools/bin/../lib/gcc/arm-none-eabi/13.3.1/thumb/v7e-m+fp/hard/crtbegin.o

.rodata         0x080014a4        0x0
                0x080014a4                        . = ALIGN (0x4)
 *(.rodata)
 *(.rodata*)
                0x080014a4                        . = ALIGN (0x4)

.ARM.extab      0x080014a4        0x0
                0x080014a4                        . = ALIGN (0x4)
 *(.ARM.extab* .gnu.linkonce.armextab.*)
                0x080014a4                        . = ALIGN (0x4)

.ARM            0x080014a4        0x0
                0x080014a4                        . = ALIGN (0x4)
                0x080014a4                        __exidx_start = .
 *(.ARM.exidx*)
                0x080014a4                        __exidx_end = .
                0x080014a4                        . = ALIGN (0x4)

.preinit_array  0x080014a4        0x0
                0x080014a4                        . = ALIGN (0x4)
                0x080014a4                        PROVIDE (__preinit_array_start = .)
 *(.preinit_array*)
                0x080014a4                        PROVIDE (__preinit_array_end = .)
                0x080014a4                        . = ALIGN (0x4)

.init_array     0x080014a4        0x4
                0x080014a4                        . = ALIGN (0x4)
                0x080014a4                        PROVIDE (__init_array_start = .)
 *(SORT_BY_NAME(.init_array.*))
 *(.init_array*)
 .init_array    0x080014a4        0x4 /Applications/STM32CubeIDE.app/Contents/Eclipse/plugins/com.st.stm32cube.ide.mcu.externaltools.gnu-tools-for-stm32.13.3.rel1.macos64_1.0.0.202411102158/tools/bin/../lib/gcc/arm-none-eabi/13.3.1/thumb/v7e-m+fp/hard/crtbegin.o
                0x080014a8                        PROVIDE (__init_array_end = .)
                0x080014a8                        . = ALIGN (0x4)

.fini_array     0x080014a8        0x4
                0x080014a8                        . = ALIGN (0x4)
                [!provide]                        PROVIDE (__fini_array_start = .)
 *(SORT_BY_NAME(.fini_array.*))
 *(.fini_array*)
 .fini_array    0x080014a8        0x4 /Applications/STM32CubeIDE.app/Contents/Eclipse/plugins/com.st.stm32cube.ide.mcu.externaltools.gnu-tools-for-stm32.13.3.rel1.macos64_1.0.0.202411102158/tools/bin/../lib/gcc/arm-none-eabi/13.3.1/thumb/v7e-m+fp/hard/crtbegin.o
                [!provide]                        PROVIDE (__fini_array_end = .)
                0x080014ac                        . = ALIGN (0x4)
                0x080014ac                        _sidata = LOADADDR (.data)

.rel.dyn        0x080014ac        0x0
 .rel.iplt      0x080014ac        0x0 /Applications/STM32CubeIDE.app/Contents/Eclipse/plugins/com.st.stm32cube.ide.mcu.externaltools.gnu-tools-for-stm32.13.3.rel1.macos64_1.0.0.202411102158/tools/bin/../lib/gcc/arm-none-eabi/13.3.1/thumb/v7e-m+fp/hard/crtbegin.o

.data           0x20000000        0x0 load address 0x080014ac
                0x20000000                        . = ALIGN (0x4)
                0x20000000                        _sdata = .
 *(.data)
 *(.data*)
 *(.RamFunc)
 *(.RamFunc*)
                0x20000000                        . = ALIGN (0x4)
                0x20000000                        _edata = .
                0x080014ac                        _siccmram = LOADADDR (.ccmram)

.igot.plt       0x20000000        0x0 load address 0x080014ac
 .igot.plt      0x20000000        0x0 /Applications/STM32CubeIDE.app/Contents/Eclipse/plugins/com.st.stm32cube.ide.mcu.externaltools.gnu-tools-for-stm32.13.3.rel1.macos64_1.0.0.202411102158/tools/bin/../lib/gcc/arm-none-eabi/13.3.1/thumb/v7e-m+fp/hard/crtbegin.o

.ccmram         0x10000000        0x0 load address 0x080014ac
                0x10000000                        . = ALIGN (0x4)
                0x10000000                        _sccmram = .
 *(.ccmram)
 *(.ccmram*)
                0x10000000                        . = ALIGN (0x4)
                0x10000000                        _eccmram = .
                0x10000000                        . = ALIGN (0x4)

.bss            0x20000000       0x1c
                0x20000000                        _sbss = .
                0x20000000                        __bss_start__ = _sbss
 *(.bss)
 .bss           0x20000000       0x1c /Applications/STM32CubeIDE.app/Contents/Eclipse/plugins/com.st.stm32cube.ide.mcu.externaltools.gnu-tools-for-stm32.13.3.rel1.macos64_1.0.0.202411102158/tools/bin/../lib/gcc/arm-none-eabi/13.3.1/thumb/v7e-m+fp/hard/crtbegin.o
 *(.bss*)
 *(COMMON)
                0x2000001c                        . = ALIGN (0x4)
                0x2000001c                        _ebss = .
                0x2000001c                        __bss_end__ = _ebss

._user_heap_stack
                0x2000001c      0x604
                0x20000020                        . = ALIGN (0x8)
 *fill*         0x2000001c        0x4 
                [!provide]                        PROVIDE (end = .)
                0x20000020                        PROVIDE (_end = .)
                0x20000220                        . = (. + _Min_Heap_Size)
 *fill*         0x20000020      0x200 
                0x20000620                        . = (. + _Min_Stack_Size)
 *fill*         0x20000220      0x400 
                0x20000620                        . = ALIGN (0x8)

/DISCARD/
 libc.a(*)
 libm.a(*)
 libgcc.a(*)

.ARM.attributes
                0x00000000       0x30
 *(.ARM.attributes)
 .ARM.attributes
                0x00000000       0x22 /Applications/STM32CubeIDE.app/Contents/Eclipse/plugins/com.st.stm32cube.ide.mcu.externaltools.gnu-tools-for-stm32.13.3.rel1.macos64_1.0.0.202411102158/tools/bin/../lib/gcc/arm-none-eabi/13.3.1/thumb/v7e-m+fp/hard/crti.o
 .ARM.attributes
                0x00000022       0x34 /Applications/STM32CubeIDE.app/Contents/Eclipse/plugins/com.st.stm32cube.ide.mcu.externaltools.gnu-tools-for-stm32.13.3.rel1.macos64_1.0.0.202411102158/tools/bin/../lib/gcc/arm-none-eabi/13.3.1/thumb/v7e-m+fp/hard/crtbegin.o
 .ARM.attributes
                0x00000056       0x34 ./Inc/Drivers/clock_driver.o
 .ARM.attributes
                0x0000008a       0x34 ./Inc/hal_adc.o
 .ARM.attributes
                0x000000be       0x34 ./Inc/hal_gpio.o
 .ARM.attributes
                0x000000f2       0x34 ./Inc/hal_i2c.o
 .ARM.attributes
                0x00000126       0x34 ./Inc/hal_spi.o
 .ARM.attributes
                0x0000015a       0x34 ./Inc/hal_systick.o
 .ARM.attributes
                0x0000018e       0x34 ./Inc/hal_uart.o
 .ARM.attributes
                0x000001c2       0x34 ./Src/functions.o
 .ARM.attributes
                0x000001f6       0x34 ./Src/main.o
 .ARM.attributes
                0x0000022a       0x21 ./Startup/startup_stm32f303retx.o
 .ARM.attributes
                0x0000024b       0x34 /Applications/STM32CubeIDE.app/Contents/Eclipse/plugins/com.st.stm32cube.ide.mcu.externaltools.gnu-tools-for-stm32.13.3.rel1.macos64_1.0.0.202411102158/tools/bin/../lib/gcc/arm-none-eabi/13.3.1/../../../../arm-none-eabi/lib/thumb/v7e-m+fp/hard/libc_nano.a(libc_a-init.o)
 .ARM.attributes
                0x0000027f       0x22 /Applications/STM32CubeIDE.app/Contents/Eclipse/plugins/com.st.stm32cube.ide.mcu.externaltools.gnu-tools-for-stm32.13.3.rel1.macos64_1.0.0.202411102158/tools/bin/../lib/gcc/arm-none-eabi/13.3.1/thumb/v7e-m+fp/hard/crtn.o
OUTPUT(00_Full_Project_M4.elf elf32-littlearm)
LOAD linker stubs
LOAD /Applications/STM32CubeIDE.app/Contents/Eclipse/plugins/com.st.stm32cube.ide.mcu.externaltools.gnu-tools-for-stm32.13.3.rel1.macos64_1.0.0.202411102158/tools/bin/../lib/gcc/arm-none-eabi/13.3.1/../../../../arm-none-eabi/lib/thumb/v7e-m+fp/hard/libc.a
LOAD /Applications/STM32CubeIDE.app/Contents/Eclipse/plugins/com.st.stm32cube.ide.mcu.externaltools.gnu-tools-for-stm32.13.3.rel1.macos64_1.0.0.202411102158/tools/bin/../lib/gcc/arm-none-eabi/13.3.1/../../../../arm-none-eabi/lib/thumb/v7e-m+fp/hard/libm.a
LOAD /Applications/STM32CubeIDE.app/Contents/Eclipse/plugins/com.st.stm32cube.ide.mcu.externaltools.gnu-tools-for-stm32.13.3.rel1.macos64_1.0.0.202411102158/tools/bin/../lib/gcc/arm-none-eabi/13.3.1/thumb/v7e-m+fp/hard/libgcc.a

.debug_info     0x00000000     0x181f
 .debug_info    0x00000000      0x3b8 ./Inc/Drivers/clock_driver.o
 .debug_info    0x000003b8      0x2fa ./Inc/hal_adc.o
 .debug_info    0x000006b2      0x34f ./Inc/hal_gpio.o
 .debug_info    0x00000a01      0x46a ./Inc/hal_i2c.o
 .debug_info    0x00000e6b      0x17d ./Inc/hal_spi.o
 .debug_info    0x00000fe8      0x1dd ./Inc/hal_systick.o
 .debug_info    0x000011c5      0x1c4 ./Inc/hal_uart.o
 .debug_info    0x00001389       0xf9 ./Src/functions.o
 .debug_info    0x00001482      0x36d ./Src/main.o
 .debug_info    0x000017ef       0x30 ./Startup/startup_stm32f303retx.o

.debug_abbrev   0x00000000      0x8d9
 .debug_abbrev  0x00000000      0x136 ./Inc/Drivers/clock_driver.o
 .debug_abbrev  0x00000136       0xf2 ./Inc/hal_adc.o
 .debug_abbrev  0x00000228       0xdd ./Inc/hal_gpio.o
 .debug_abbrev  0x00000305      0x166 ./Inc/hal_i2c.o
 .debug_abbrev  0x0000046b       0xaf ./Inc/hal_spi.o
 .debug_abbrev  0x0000051a       0xa6 ./Inc/hal_systick.o
 .debug_abbrev  0x000005c0       0xfb ./Inc/hal_uart.o
 .debug_abbrev  0x000006bb       0xaa ./Src/functions.o
 .debug_abbrev  0x00000765      0x150 ./Src/main.o
 .debug_abbrev  0x000008b5       0x24 ./Startup/startup_stm32f303retx.o

.debug_aranges  0x00000000      0x228
 .debug_aranges
                0x00000000       0x28 ./Inc/Drivers/clock_driver.o
 .debug_aranges
                0x00000028       0x30 ./Inc/hal_adc.o
 .debug_aranges
                0x00000058       0x58 ./Inc/hal_gpio.o
 .debug_aranges
                0x000000b0       0x58 ./Inc/hal_i2c.o
 .debug_aranges
                0x00000108       0x38 ./Inc/hal_spi.o
 .debug_aranges
                0x00000140       0x28 ./Inc/hal_systick.o
 .debug_aranges
                0x00000168       0x38 ./Inc/hal_uart.o
 .debug_aranges
                0x000001a0       0x20 ./Src/functions.o
 .debug_aranges
                0x000001c0       0x40 ./Src/main.o
 .debug_aranges
                0x00000200       0x28 ./Startup/startup_stm32f303retx.o

.debug_rnglists
                0x00000000      0x179
 .debug_rnglists
                0x00000000       0x1a ./Inc/Drivers/clock_driver.o
 .debug_rnglists
                0x0000001a       0x20 ./Inc/hal_adc.o
 .debug_rnglists
                0x0000003a       0x41 ./Inc/hal_gpio.o
 .debug_rnglists
                0x0000007b       0x42 ./Inc/hal_i2c.o
 .debug_rnglists
                0x000000bd       0x25 ./Inc/hal_spi.o
 .debug_rnglists
                0x000000e2       0x19 ./Inc/hal_systick.o
 .debug_rnglists
                0x000000fb       0x26 ./Inc/hal_uart.o
 .debug_rnglists
                0x00000121       0x13 ./Src/functions.o
 .debug_rnglists
                0x00000134       0x2c ./Src/main.o
 .debug_rnglists
                0x00000160       0x19 ./Startup/startup_stm32f303retx.o

.debug_macro    0x00000000     0x23a9
 .debug_macro   0x00000000       0x9d ./Inc/Drivers/clock_driver.o
 .debug_macro   0x0000009d      0xae4 ./Inc/Drivers/clock_driver.o
 .debug_macro   0x00000b81       0x22 ./Inc/Drivers/clock_driver.o
 .debug_macro   0x00000ba3       0x8e ./Inc/Drivers/clock_driver.o
 .debug_macro   0x00000c31       0x51 ./Inc/Drivers/clock_driver.o
 .debug_macro   0x00000c82      0x103 ./Inc/Drivers/clock_driver.o
 .debug_macro   0x00000d85       0x6a ./Inc/Drivers/clock_driver.o
 .debug_macro   0x00000def      0x1df ./Inc/Drivers/clock_driver.o
 .debug_macro   0x00000fce       0xca ./Inc/Drivers/clock_driver.o
 .debug_macro   0x00001098       0x70 ./Inc/Drivers/clock_driver.o
 .debug_macro   0x00001108       0x9d ./Inc/hal_adc.o
 .debug_macro   0x000011a5       0xc1 ./Inc/hal_gpio.o
 .debug_macro   0x00001266       0xa3 ./Inc/hal_i2c.o
 .debug_macro   0x00001309       0x95 ./Inc/hal_spi.o
 .debug_macro   0x0000139e       0xda ./Inc/hal_systick.o
 .debug_macro   0x00001478       0x2e ./Inc/hal_systick.o
 .debug_macro   0x000014a6      0x1a8 ./Inc/hal_uart.o
 .debug_macro   0x0000164e       0x61 ./Inc/hal_uart.o
 .debug_macro   0x000016af       0x2a ./Inc/hal_uart.o
 .debug_macro   0x000016d9       0x43 ./Inc/hal_uart.o
 .debug_macro   0x0000171c       0x34 ./Inc/hal_uart.o
 .debug_macro   0x00001750       0x16 ./Inc/hal_uart.o
 .debug_macro   0x00001766       0x9e ./Inc/hal_uart.o
 .debug_macro   0x00001804      0x370 ./Inc/hal_uart.o
 .debug_macro   0x00001b74      0x112 ./Inc/hal_uart.o
 .debug_macro   0x00001c86       0x10 ./Inc/hal_uart.o
 .debug_macro   0x00001c96       0x16 ./Inc/hal_uart.o
 .debug_macro   0x00001cac       0x4a ./Inc/hal_uart.o
 .debug_macro   0x00001cf6       0x34 ./Inc/hal_uart.o
 .debug_macro   0x00001d2a       0x10 ./Inc/hal_uart.o
 .debug_macro   0x00001d3a       0x58 ./Inc/hal_uart.o
 .debug_macro   0x00001d92       0x8e ./Inc/hal_uart.o
 .debug_macro   0x00001e20       0x1c ./Inc/hal_uart.o
 .debug_macro   0x00001e3c      0x185 ./Inc/hal_uart.o
 .debug_macro   0x00001fc1       0x16 ./Inc/hal_uart.o
 .debug_macro   0x00001fd7       0x16 ./Inc/hal_uart.o
 .debug_macro   0x00001fed      0x146 ./Inc/hal_uart.o
 .debug_macro   0x00002133      0x10d ./Src/functions.o
 .debug_macro   0x00002240      0x159 ./Src/main.o
 .debug_macro   0x00002399       0x10 ./Src/main.o

.debug_line     0x00000000     0x3638
 .debug_line    0x00000000      0x506 ./Inc/Drivers/clock_driver.o
 .debug_line    0x00000506      0x4c7 ./Inc/hal_adc.o
 .debug_line    0x000009cd      0x89a ./Inc/hal_gpio.o
 .debug_line    0x00001267      0x72b ./Inc/hal_i2c.o
 .debug_line    0x00001992      0x4a6 ./Inc/hal_spi.o
 .debug_line    0x00001e38      0x4bd ./Inc/hal_systick.o
 .debug_line    0x000022f5      0x685 ./Inc/hal_uart.o
 .debug_line    0x0000297a      0x51c ./Src/functions.o
 .debug_line    0x00002e96      0x727 ./Src/main.o
 .debug_line    0x000035bd       0x7b ./Startup/startup_stm32f303retx.o

.debug_str      0x00000000     0x8bd5
 .debug_str     0x00000000     0x8bd5 ./Inc/Drivers/clock_driver.o
                               0x4824 (size before relaxing)
 .debug_str     0x00008bd5     0x46fc ./Inc/hal_adc.o
 .debug_str     0x00008bd5     0x49bc ./Inc/hal_gpio.o
 .debug_str     0x00008bd5     0x4759 ./Inc/hal_i2c.o
 .debug_str     0x00008bd5     0x467a ./Inc/hal_spi.o
 .debug_str     0x00008bd5     0x49b9 ./Inc/hal_systick.o
 .debug_str     0x00008bd5     0x841d ./Inc/hal_uart.o
 .debug_str     0x00008bd5     0x490c ./Src/functions.o
 .debug_str     0x00008bd5     0x4bd2 ./Src/main.o
 .debug_str     0x00008bd5       0x77 ./Startup/startup_stm32f303retx.o

.comment        0x00000000       0x43
 .comment       0x00000000       0x43 ./Inc/Drivers/clock_driver.o
                                 0x44 (size before relaxing)
 .comment       0x00000043       0x44 ./Inc/hal_adc.o
 .comment       0x00000043       0x44 ./Inc/hal_gpio.o
 .comment       0x00000043       0x44 ./Inc/hal_i2c.o
 .comment       0x00000043       0x44 ./Inc/hal_spi.o
 .comment       0x00000043       0x44 ./Inc/hal_systick.o
 .comment       0x00000043       0x44 ./Inc/hal_uart.o
 .comment       0x00000043       0x44 ./Src/functions.o
 .comment       0x00000043       0x44 ./Src/main.o

.debug_frame    0x00000000      0x5e8
 .debug_frame   0x00000000       0x5c ./Inc/Drivers/clock_driver.o
 .debug_frame   0x0000005c       0x78 ./Inc/hal_adc.o
 .debug_frame   0x000000d4      0x150 ./Inc/hal_gpio.o
 .debug_frame   0x00000224      0x134 ./Inc/hal_i2c.o
 .debug_frame   0x00000358       0x90 ./Inc/hal_spi.o
 .debug_frame   0x000003e8       0x50 ./Inc/hal_systick.o
 .debug_frame   0x00000438       0xa0 ./Inc/hal_uart.o
 .debug_frame   0x000004d8       0x34 ./Src/functions.o
 .debug_frame   0x0000050c       0xb0 ./Src/main.o
 .debug_frame   0x000005bc       0x2c /Applications/STM32CubeIDE.app/Contents/Eclipse/plugins/com.st.stm32cube.ide.mcu.externaltools.gnu-tools-for-stm32.13.3.rel1.macos64_1.0.0.202411102158/tools/bin/../lib/gcc/arm-none-eabi/13.3.1/../../../../arm-none-eabi/lib/thumb/v7e-m+fp/hard/libc_nano.a(libc_a-init.o)

.debug_line_str
                0x00000000       0x5b
 .debug_line_str
                0x00000000       0x5b ./Startup/startup_stm32f303retx.o
